{
  "version": "1.5.0",
  "plugins_used": [
    {
      "name": "ArtifactoryDetector"
    },
    {
      "name": "AWSKeyDetector"
    },
    {
      "name": "AzureStorageKeyDetector"
    },
    {
      "name": "Base64HighEntropyString",
      "limit": 4.5
    },
    {
      "name": "BasicAuthDetector"
    },
    {
      "name": "CloudantDetector"
    },
    {
      "name": "DiscordBotTokenDetector"
    },
    {
      "name": "GitHubTokenDetector"
    },
    {
      "name": "GitLabTokenDetector"
    },
    {
      "name": "HexHighEntropyString",
      "limit": 3.0
    },
    {
      "name": "IbmCloudIamDetector"
    },
    {
      "name": "IbmCosHmacDetector"
    },
    {
      "name": "IPPublicDetector"
    },
    {
      "name": "JwtTokenDetector"
    },
    {
      "name": "KeywordDetector",
      "keyword_exclude": ""
    },
    {
      "name": "MailchimpDetector"
    },
    {
      "name": "NpmDetector"
    },
    {
      "name": "OpenAIDetector"
    },
    {
      "name": "PrivateKeyDetector"
    },
    {
      "name": "PypiTokenDetector"
    },
    {
      "name": "SendGridDetector"
    },
    {
      "name": "SlackDetector"
    },
    {
      "name": "SoftlayerDetector"
    },
    {
      "name": "SquareOAuthDetector"
    },
    {
      "name": "StripeDetector"
    },
    {
      "name": "TelegramBotTokenDetector"
    },
    {
      "name": "TwilioKeyDetector"
    }
  ],
  "filters_used": [
    {
      "path": "detect_secrets.filters.allowlist.is_line_allowlisted"
    },
    {
      "path": "detect_secrets.filters.common.is_ignored_due_to_verification_policies",
      "min_level": 2
    },
    {
      "path": "detect_secrets.filters.heuristic.is_indirect_reference"
    },
    {
      "path": "detect_secrets.filters.heuristic.is_likely_id_string"
    },
    {
      "path": "detect_secrets.filters.heuristic.is_lock_file"
    },
    {
      "path": "detect_secrets.filters.heuristic.is_not_alphanumeric_string"
    },
    {
      "path": "detect_secrets.filters.heuristic.is_potential_uuid"
    },
    {
      "path": "detect_secrets.filters.heuristic.is_prefixed_with_dollar_sign"
    },
    {
      "path": "detect_secrets.filters.heuristic.is_sequential_string"
    },
    {
      "path": "detect_secrets.filters.heuristic.is_swagger_file"
    },
    {
      "path": "detect_secrets.filters.heuristic.is_templated_secret"
    }
  ],
  "results": {
    ".github/workflows/ci.yml": [
      {
        "type": "Secret Keyword",
        "filename": ".github/workflows/ci.yml",
        "hashed_secret": "5baa61e4c9b93f3f0682250b6cf8331b7ee68fd8",
        "is_verified": false,
        "line_number": 38
      }
    ],
    "backend/problems/tests/test_I006_subject_org_admin.py": [
      {
        "type": "Secret Keyword",
        "filename": "backend/problems/tests/test_I006_subject_org_admin.py",
        "hashed_secret": "9d4e1e23bd5b727046a9e3b4b7db57bd8d6ee684",
        "is_verified": false,
        "line_number": 23
      }
    ],
    "backend/problems/tests/test_serializers.py": [
      {
        "type": "Secret Keyword",
        "filename": "backend/problems/tests/test_serializers.py",
        "hashed_secret": "1c58bd92003bbaa0538e249fff6ee19a270dec5f",
        "is_verified": false,
        "line_number": 30
      }
    ],
    "backend/problems/tests/test_views.py": [
      {
        "type": "Secret Keyword",
        "filename": "backend/problems/tests/test_views.py",
        "hashed_secret": "1c58bd92003bbaa0538e249fff6ee19a270dec5f",
        "is_verified": false,
        "line_number": 28
      }
    ],
    "docs/migration/CLAUDE_original.md": [
      {
        "type": "Secret Keyword",
        "filename": "docs/migration/CLAUDE_original.md",
        "hashed_secret": "206c80413b9a96c1312cc346b7d2517b84463edd",
        "is_verified": false,
        "line_number": 1274
      }
    ],
    "docs/runbooks/backend-check.md": [
      {
        "type": "Secret Keyword",
        "filename": "docs/runbooks/backend-check.md",
        "hashed_secret": "206c80413b9a96c1312cc346b7d2517b84463edd",
        "is_verified": false,
        "line_number": 163
      }
    ],
    "docs/runbooks/legacy/CLAUDE.md.20260302": [
      {
        "type": "Secret Keyword",
        "filename": "docs/runbooks/legacy/CLAUDE.md.20260302",
        "hashed_secret": "206c80413b9a96c1312cc346b7d2517b84463edd",
        "is_verified": false,
        "line_number": 1274
      }
    ],
    "docs/tests/closed/I006_auto_test.md": [
      {
        "type": "Secret Keyword",
        "filename": "docs/tests/closed/I006_auto_test.md",
        "hashed_secret": "9d4e1e23bd5b727046a9e3b4b7db57bd8d6ee684",
        "is_verified": false,
        "line_number": 46
      }
    ],
    "rules/backend-django-coding-standards.md": [
      {
        "type": "Secret Keyword",
        "filename": "rules/backend-django-coding-standards.md",
        "hashed_secret": "21672328ab5c939c8a4324d118b264d9f34b0439",
        "is_verified": false,
        "line_number": 794
      },
      {
        "type": "Basic Auth Credentials",
        "filename": "rules/backend-django-coding-standards.md",
        "hashed_secret": "5baa61e4c9b93f3f0682250b6cf8331b7ee68fd8",
        "is_verified": false,
        "line_number": 827
      }
    ],
    "rules/bk/backend-django-coding-standards.md": [
      {
        "type": "Secret Keyword",
        "filename": "rules/bk/backend-django-coding-standards.md",
        "hashed_secret": "21672328ab5c939c8a4324d118b264d9f34b0439",
        "is_verified": false,
        "line_number": 794
      },
      {
        "type": "Basic Auth Credentials",
        "filename": "rules/bk/backend-django-coding-standards.md",
        "hashed_secret": "5baa61e4c9b93f3f0682250b6cf8331b7ee68fd8",
        "is_verified": false,
        "line_number": 827
      }
    ]
  },
  "generated_at": "2026-04-11T13:20:33Z"
}
